error: failed to read manifest at: /Users/masa/dapps/chessgame/Scarb.toml

Caused by:
    No such file or directory (os error 2)
